{
  "results": {
    "scan_errors": [
      {
        "iac_type": "terraform",
        "directory": "/Users/suvarna/go/src/github.com/rchanger/terrascan/test/e2e/test_data/iac/terraform_module/invalid_source",
        "errMsg": "failed to build unified config. errors:\n\u003cnil\u003e: Invalid module config directory; Module directory '/Users/suvarna/go/src/github.com/rchanger/terrascan/test/e2e/test_data/iac/terraform_module' has no terraform config files for module cloudfront, and 1 other diagnostic(s)\n"
      }
    ],
    "violations": null,
    "skipped_violations": null,
    "scan_summary": {
      "file/folder": "/Users/suvarna/go/src/github.com/rchanger/terrascan/test/e2e/test_data/iac/terraform_module/invalid_source",
      "iac_type": "terraform",
      "scanned_at": "2021-05-18 11:55:11.738536 +0000 UTC",
      "policies_validated": 607,
      "violated_policies": 0,
      "low": 0,
      "medium": 0,
      "high": 0
    }
  }
}
